C:/Users/DANNY/STM32CubeIDE/workspace_1.12.0/AVANCE_Tesis040425/Drivers/CMSIS/Include/core_cm4.h:1770:22:__NVIC_ClearPendingIRQ	16	static
../Applications/SD/audio_recorder.c:29:6:audio_recorder_init	528	static
../Applications/SD/audio_recorder.c:65:6:audio_recorder_start	2064	static
../Applications/SD/audio_recorder.c:156:6:audio_recorder_pause	8	static
../Applications/SD/audio_recorder.c:166:6:audio_recorder_resume	8	static
../Applications/SD/audio_recorder.c:177:6:audio_recorder_stop	528	static
../Applications/SD/audio_recorder.c:236:6:audio_recorder_process	24	static
../Applications/SD/audio_recorder.c:289:15:audio_recorder_get_state	4	static
../Applications/SD/audio_recorder.c:294:6:audio_recorder_get_stats	16	static
../Applications/SD/audio_recorder.c:302:6:DMA1_Channel1_IRQHandler	8	static
../Applications/SD/audio_recorder.c:341:14:obtener_fecha_hora	24	static
